2026-03-07 05:16:55,760 [INFO] Authorized user ID: 1002381172

2026-03-07 05:20:14,133 [INFO] [You] What do you know about me Aisha

2026-03-07 05:20:15,553 [INFO] HTTP Request: GET https://ssbrllliprffeegamygw.supabase.co/rest/v1/ajay_profile?select=%2A&limit=1 "HTTP/1.1 200 OK"

2026-03-07 05:20:15,708 [INFO] HTTP Request: GET https://ssbrllliprffeegamygw.supabase.co/rest/v1/aisha_memory?select=category%2C+title%2C+content%2C+importance&is_active=eq.True&order=importance.desc&limit=12 "HTTP/1.1 200 OK"

2026-03-07 05:20:15,802 [INFO] HTTP Request: GET https://ssbrllliprffeegamygw.supabase.co/rest/v1/aisha_schedule?select=title%2C+priority&due_date=eq.2026-03-07&status=eq.pending "HTTP/1.1 200 OK"

2026-03-07 05:20:16,286 [WARNING] [Gemini] Failed #1. Cooling down 60s.

2026-03-07 05:20:18,148 [INFO] HTTP Request: POST https://api.openai.com/v1/chat/completions "HTTP/1.1 429 Too Many Requests"

2026-03-07 05:20:18,160 [INFO] Retrying request to /chat/completions in 0.390725 seconds

2026-03-07 05:20:19,301 [INFO] HTTP Request: POST https://api.openai.com/v1/chat/completions "HTTP/1.1 429 Too Many Requests"

2026-03-07 05:20:19,304 [INFO] Retrying request to /chat/completions in 0.882272 seconds

2026-03-07 05:20:20,836 [INFO] HTTP Request: POST https://api.openai.com/v1/chat/completions "HTTP/1.1 429 Too Many Requests"

2026-03-07 05:20:21,446 [WARNING] [OpenAI] Failed #1. Cooling down 60s.

2026-03-07 05:20:22,048 [INFO] HTTP Request: POST https://ssbrllliprffeegamygw.supabase.co/rest/v1/aisha_conversations "HTTP/1.1 201 Created"

2026-03-07 05:20:22,110 [INFO] HTTP Request: POST https://ssbrllliprffeegamygw.supabase.co/rest/v1/aisha_conversations "HTTP/1.1 201 Created"

2026-03-07 05:20:22,208 [INFO] HTTP Request: PATCH https://ssbrllliprffeegamygw.supabase.co/rest/v1/ajay_profile "HTTP/1.1 400 Bad Request"

2026-03-07 05:20:22,238 [INFO] [gemini] Skipping  cooling down (54s left)

2026-03-07 05:20:22,241 [INFO] [openai] Skipping  cooling down (59s left)

2026-03-07 05:20:37,516 [INFO] [You] Ok

2026-03-07 05:20:37,800 [INFO] HTTP Request: GET https://ssbrllliprffeegamygw.supabase.co/rest/v1/ajay_profile?select=%2A&limit=1 "HTTP/1.1 200 OK"

2026-03-07 05:20:37,832 [INFO] HTTP Request: GET https://ssbrllliprffeegamygw.supabase.co/rest/v1/aisha_memory?select=category%2C+title%2C+content%2C+importance&is_active=eq.True&order=importance.desc&limit=12 "HTTP/1.1 200 OK"

2026-03-07 05:20:37,871 [INFO] HTTP Request: GET https://ssbrllliprffeegamygw.supabase.co/rest/v1/aisha_schedule?select=title%2C+priority&due_date=eq.2026-03-07&status=eq.pending "HTTP/1.1 200 OK"

2026-03-07 05:20:37,874 [INFO] [gemini] Skipping  cooling down (38s left)

2026-03-07 05:20:37,875 [INFO] [openai] Skipping  cooling down (43s left)

2026-03-07 05:20:37,914 [INFO] HTTP Request: POST https://ssbrllliprffeegamygw.supabase.co/rest/v1/aisha_conversations "HTTP/1.1 201 Created"

2026-03-07 05:20:37,942 [INFO] HTTP Request: POST https://ssbrllliprffeegamygw.supabase.co/rest/v1/aisha_conversations "HTTP/1.1 201 Created"

2026-03-07 05:20:37,974 [INFO] HTTP Request: PATCH https://ssbrllliprffeegamygw.supabase.co/rest/v1/ajay_profile "HTTP/1.1 400 Bad Request"

2026-03-07 05:20:37,977 [INFO] [gemini] Skipping  cooling down (38s left)

2026-03-07 05:20:37,978 [INFO] [openai] Skipping  cooling down (43s left)

2026-03-07 05:20:41,657 [INFO] [You] Say now

2026-03-07 05:20:41,796 [INFO] HTTP Request: GET https://ssbrllliprffeegamygw.supabase.co/rest/v1/ajay_profile?select=%2A&limit=1 "HTTP/1.1 200 OK"

2026-03-07 05:20:41,859 [INFO] HTTP Request: GET https://ssbrllliprffeegamygw.supabase.co/rest/v1/aisha_memory?select=category%2C+title%2C+content%2C+importance&is_active=eq.True&order=importance.desc&limit=12 "HTTP/1.1 200 OK"

2026-03-07 05:20:41,912 [INFO] HTTP Request: GET https://ssbrllliprffeegamygw.supabase.co/rest/v1/aisha_schedule?select=title%2C+priority&due_date=eq.2026-03-07&status=eq.pending "HTTP/1.1 200 OK"

2026-03-07 05:20:41,924 [INFO] [gemini] Skipping  cooling down (34s left)

2026-03-07 05:20:41,934 [INFO] [openai] Skipping  cooling down (39s left)

2026-03-07 05:20:42,025 [INFO] HTTP Request: POST https://ssbrllliprffeegamygw.supabase.co/rest/v1/aisha_conversations "HTTP/1.1 201 Created"

2026-03-07 05:20:42,071 [INFO] HTTP Request: POST https://ssbrllliprffeegamygw.supabase.co/rest/v1/aisha_conversations "HTTP/1.1 201 Created"

2026-03-07 05:20:42,129 [INFO] HTTP Request: PATCH https://ssbrllliprffeegamygw.supabase.co/rest/v1/ajay_profile "HTTP/1.1 400 Bad Request"

2026-03-07 05:20:42,131 [INFO] [gemini] Skipping  cooling down (34s left)

2026-03-07 05:20:42,132 [INFO] [openai] Skipping  cooling down (39s left)


